---
title: SHOW GRANTS | TiDB SQL Statement Reference
summary: 助成金を表示するステートメントは、ユーザーに関連付けられた権限のリストを示します。MySQLと同様に、`USAGE`権限はTiDBにログインできることを示します。このステートメントはMySQLと完全な互換性があります。
---

# 助成金を表示する {#show-grants}

このステートメントは、ユーザーに関連付けられた権限のリストを示します。 MySQL と同様に、 `USAGE`権限はTiDB にログインできることを示します。

## あらすじ {#synopsis}

**ShowGrantsStmt:**

![ShowGrantsStmt](/media/sqlgram/ShowGrantsStmt.png)

**ユーザー名:**

![Username](/media/sqlgram/Username.png)

**ロールの使用:**

![UsingRoles](/media/sqlgram/UsingRoles.png)

**役割名リスト:**

![RolenameList](/media/sqlgram/RolenameList.png)

**役割名:**

![Rolename](/media/sqlgram/Rolename.png)

## 例 {#examples}

```sql
mysql> SHOW GRANTS;
+-------------------------------------------+
| Grants for User                           |
+-------------------------------------------+
| GRANT ALL PRIVILEGES ON *.* TO 'root'@'%' |
+-------------------------------------------+
1 row in set (0.00 sec)

mysql> SHOW GRANTS FOR 'u1';
ERROR 1141 (42000): There is no such grant defined for user 'u1' on host '%'
mysql> CREATE USER u1;
Query OK, 1 row affected (0.04 sec)

mysql> GRANT SELECT ON test.* TO u1;
Query OK, 0 rows affected (0.04 sec)

mysql> SHOW GRANTS FOR u1;
+------------------------------------+
| Grants for u1@%                    |
+------------------------------------+
| GRANT USAGE ON *.* TO 'u1'@'%'     |
| GRANT Select ON test.* TO 'u1'@'%' |
+------------------------------------+
2 rows in set (0.00 sec)
```

## MySQLの互換性 {#mysql-compatibility}

TiDB の`SHOW GRANTS`ステートメントは MySQL と完全な互換性があります。互換性の違いが見つかった場合は、 [バグを報告](https://docs.pingcap.com/tidb/stable/support) .

## こちらも参照 {#see-also}

-   [ユーザーの作成を表示](/sql-statements/sql-statement-show-create-user.md)
-   [付与](/sql-statements/sql-statement-grant-privileges.md)
